Python is working
Test line 2
